// Jest Snapshot v1, https://goo.gl/fbAQLP

exports[`app component can make a snapshot 1`] = `<TextFormatter />`;
